[kidsland.webflow.io/index.html]
[backblue.gif]
[fade.gif]
[index.html]
[assets-global.website-files.com/65d1995bebc2cbfa914e45d5/css/kidsland.webflow.efe16bae8.css]
[ajax.googleapis.com/ajax/libs/webfont/1.6.26/webfont.js]
[assets-global.website-files.com/65d1995bebc2cbfa914e45d5/660bc21041065a437b734165_32.png]
[assets-global.website-files.com/65d1995bebc2cbfa914e45d5/660bc2178f04cf840a2f9915_256.png]
[kidsland.webflow.io/home-v2-activities.html]
[kidsland.webflow.io/about-us.html]
[kidsland.webflow.io/service.html]
[kidsland.webflow.io/price.html]
[kidsland.webflow.io/blog.html]
[kidsland.webflow.io/contact-us.html]
[assets-global.website-files.com/65d1995bebc2cbfa914e45d5/65d2c66401dd4f836aea8f5b_Home v2 Icon.png]
[assets-global.website-files.com/65d1995bebc2cbfa914e45d5/65d2c66409a73841873e85a6_Home v2.png]
[assets-global.website-files.com/65d1995bebc2cbfa914e45d5/65d2c67086ea9062ba447aa4_Vector 9.png]
[kidsland.webflow.io/service/abc-program.html]
[kidsland.webflow.io/service/science-education.html]
[assets-global.website-files.com/65d1995bebc2cbfa914e45d5/65d2c6622635a0233ea340c3_Gallery Image 01.png]
[assets-global.website-files.com/65d1995bebc2cbfa914e45d5/65d2c66371047512b6021b45_gallery Image 03.png]
[assets-global.website-files.com/65d1995bebc2cbfa914e45d5/65d2c6630422e51ac6b59c84_gallery Image 04.png]
[assets-global.website-files.com/65d1995bebc2cbfa914e45d5/65d2c66301dd4f836aea8ec7_gallery Image 05.png]
[assets-global.website-files.com/65d1995bebc2cbfa914e45d5/65d2c66472af01bb6f6e9e2e_gallery Image 06.png]
[assets-global.website-files.com/65d1995bebc2cbfa914e45d5/65d6bc52dfaa8125ae2e4d92_feature iage.png]
[kidsland.webflow.io/post/professor-fiona-stanley---children-key-to-the-future-3.html]
[d3e54v103j8qbb.cloudfront.net/js/jquery-3.5.1.min.dc5e7f18c8410d.js]
[kidsland.webflow.io/index.html]
[assets-global.website-files.com/65d1995bebc2cbfa914e45d5/js/webflow.eb5b1681f.js]
[assets-global.website-files.com/65d1995bebc2cbfa914e45d5/65d411c1b6e9c0fa8ae540dd_Footer Bg.png]
[assets-global.website-files.com/65d1995bebc2cbfa914e45d5/65d2c66f09a73841873e89f3_Vector 3.png]
[assets-global.website-files.com/65d1995bebc2cbfa914e45d5/65d2c66de96ecdcc195c0a0f_Srivces bg.png]
[assets-global.website-files.com/65d1995bebc2cbfa914e45d5/65d2c670e96ecdcc195c125d_why choose bg.png]
[assets-global.website-files.com/65d1995bebc2cbfa914e45d5/65d2c65e88fdaa6c6e8511d7_Countact Area Bg.png]
[assets-global.website-files.com/65d1995bebc2cbfa914e45d5/65d2c662c632acda9cb03190_Gallery Icon.png]
[assets-global.website-files.com/65d1995bebc2cbfa914e45d5/65d2c6618a6e2bcbce0be059_Gallery Bg.png]
[assets-global.website-files.com/65d1995bebc2cbfa914e45d5/65d2c6605b05d0467d28b04a_Feature Bg.png]
[assets-global.website-files.com/65d1995bebc2cbfa914e45d5/65d6beed8eaef9775ad48c57_bg.png]
[assets-global.website-files.com/65d1995bebc2cbfa914e45d5/65d6bbdc5ab7cb9ca0338a20_bg.png]
[assets-global.website-files.com/65d1995bebc2cbfa914e45d5/65d2c66ea1b0f3dc9bc6f638_Testimonial brodr 02.png]
[assets-global.website-files.com/65d1995bebc2cbfa914e45d5/65d2c66e1720575678bac860_Testimonial brodr.png]
[assets-global.website-files.com/65d1995bebc2cbfa914e45d5/65d2c66e4f0ef56e14be1a89_Testimonial brodr 03.png]
[assets-global.website-files.com/65d1995bebc2cbfa914e45d5/65d2c65c09276732012b5f81_Benefit bg.png]
[assets-global.website-files.com/65d1995bebc2cbfa914e45d5/65d2c65b0e91536442f17283_About Happy Hours.png]
[assets-global.website-files.com/65d1995bebc2cbfa914e45d5/65d2c65bee5c6511fdf4feda_6318c8a3c7d2d6e9030d4cc2_banner 1.png]
[assets-global.website-files.com/65d1995bebc2cbfa914e45d5/65d2c65b2fb696a06e231eda_6318c9d6001fa47e35448866_banner 3.png]
[assets-global.website-files.com/65d1995bebc2cbfa914e45d5/65fe52490e72437309ff5398_Breadcrumb area01.png]
[assets-global.website-files.com/65d1995bebc2cbfa914e45d5/65d2c65e918d2d311b3e2011_Changelog bg.png]
[assets-global.website-files.com/65d1995bebc2cbfa914e45d5/css/kidsland.webflow.efe16bae8.css]
[assets-global.website-files.com/65d1995bebc2cbfa914e45d5/65d2c65c79eb647c98ac89d3_About Image.png]
[assets-global.website-files.com/65d1995bebc2cbfa914e45d5/65d2c662f6098d8cd0683077_Gallery Image 00.png]
[assets-global.website-files.com/65d1995bebc2cbfa914e45d5/65d2c66309276732012b616e_Gallery Image 004.png]
[kidsland.webflow.io/home-v2-activities.html]
[assets-global.website-files.com/65d1995bebc2cbfa914e45d5/65f90e8bd908c73f137b55b1_Group 131.png]
[assets-global.website-files.com/65d2f12648fded04723f7213/65fa6fbbeaf47a7d94a67ab7_Team Details Image 08.png]
[assets-global.website-files.com/65d2f12648fded04723f7213/65fa6f5be0379bf78d3d1fd8_Team Details Image 07.png]
[assets-global.website-files.com/65d2f12648fded04723f7213/65fa6f367f7a514785662bbd_Team Details Image 06.png]
[assets-global.website-files.com/65d2f12648fded04723f7213/65fa6eccc0cd30a67f40a04e_Team Membar Image 05.png]
[assets-global.website-files.com/65d2f12648fded04723f7213/65fa6ea714b7e3a84012b7a8_Team Details Image 04.png]
[assets-global.website-files.com/65d2f12648fded04723f7213/65fa6e6635ec537dc5497ca4_Team Details Image 03.png]
[assets-global.website-files.com/65d2f12648fded04723f7213/65fa6e3ccb5617947d6993aa_Team Details Image 02.png]
[assets-global.website-files.com/65d2f12648fded04723f7213/65fa6d1f1c30f8603b97be79_Team Details Image 01.png]
[kidsland.webflow.io/about-us.html]
[kidsland.webflow.io/service.html]
[kidsland.webflow.io/price.html]
[kidsland.webflow.io/blog.html]
[kidsland.webflow.io/contact-us.html]
[assets-global.website-files.com/65d2f12648fded04723f7213/65fa5cd182b1784409ef7458_Details Image.png]
[kidsland.webflow.io/service/abc-program.html]
[kidsland.webflow.io/service/science-education.html]
[kidsland.webflow.io/post/professor-fiona-stanley---children-key-to-the-future-3.html]
[kidsland.webflow.io/index-2.html]
[kidsland.webflow.io/teacher.html]
[kidsland.webflow.io/teachers/angela-d-wells.html]
[kidsland.webflow.io/blogpost/a-close-look-at-the-montessori-approach-3.html]
[kidsland.webflow.io/faq.html]
[kidsland.webflow.io/style-guide.html]
[kidsland.webflow.io/401.html]
[kidsland.webflow.io/404.html]
[kidsland.webflow.io/licenses.html]
[kidsland.webflow.io/changelog.html]
[kidsland.webflow.io/checkout.html]
[kidsland.webflow.io/_https_/assets-global.website-files.com/65d2f12648fded04723f7213/65fa6595751459f6af8a16bc_bg5.html]
[kidsland.webflow.io/service/early-education.html]
[kidsland.webflow.io/_https_/assets-global.website-files.com/65d2f12648fded04723f7213/65fa6368751459f6af88161c_bg1.html]
[kidsland.webflow.io/_https_/assets-global.website-files.com/65d2f12648fded04723f7213/65fa649ea658fe025a8090bb_bg3.html]
[kidsland.webflow.io/service/first-setps-4k.html]
[kidsland.webflow.io/_https_/assets-global.website-files.com/65d2f12648fded04723f7213/65fa64db0456aaad8a879984_bg4.html]
[kidsland.webflow.io/service/mental-health.html]
[kidsland.webflow.io/service/social-studies.html]
[kidsland.webflow.io/_https_/assets-global.website-files.com/65d2f12648fded04723f7213/65fa646aa01b4a96564929be_bg2.html]
[kidsland.webflow.io/service/visual-arts.html]
[kidsland.webflow.io/service/reading-education.html]
[kidsland.webflow.io/post/a-close-look-at-the-montessori-approach-3.html]
[kidsland.webflow.io/post/what-the-reggio-emilia-approach-can-offer-your-child-3.html]
[kidsland.webflow.io/product/per-day.html]
[kidsland.webflow.io/_https_/assets-global.website-files.com/65d2f12648fded04723f7213/65fa6e3e37ebe83cc15806b9_bg2.html]
[kidsland.webflow.io/teachers/lee-e-rousey.html]
[kidsland.webflow.io/_https_/assets-global.website-files.com/65d2f12648fded04723f7213/65fa6d308b6906abfd61c25b_bg1.html]
[kidsland.webflow.io/_https_/assets-global.website-files.com/65d2f12648fded04723f7213/65fa6eb487031d2d5f423dbd_bg4.html]
[kidsland.webflow.io/teachers/frank-a-holbert.html]
[kidsland.webflow.io/_https_/assets-global.website-files.com/65d2f12648fded04723f7213/65fa6e76e9fd22fb37d8a94c_bg3.html]
[kidsland.webflow.io/teachers/mary-g-wilson.html]
[kidsland.webflow.io/teachers/ashley-c-capra.html]
[kidsland.webflow.io/teachers/sara-p-torres.html]
[kidsland.webflow.io/teachers/bonnie-s-rangel.html]
[kidsland.webflow.io/teachers/clarita-w-butler.html]
[kidsland.webflow.io/blog-category/childs.html]
[kidsland.webflow.io/blog-category/playing.html]
[kidsland.webflow.io/blog-category/nannies.html]
[kidsland.webflow.io/post/professor-fiona-stanley---children-key-to-the-future-2.html]
[kidsland.webflow.io/post/a-close-look-at-the-montessori-approach-2.html]
[kidsland.webflow.io/post/what-the-reggio-emilia-approach-can-offer-your-child-2.html]
[kidsland.webflow.io/post/professor-fiona-stanley---children-key-to-the-future.html]
[kidsland.webflow.io/post/a-close-look-at-the-montessori-approach.html]
[kidsland.webflow.io/post/what-the-reggio-emilia-approach-can-offer-your-child.html]
